######################################################################
# 021 solver benchmark banner
#   threading_mode = multi
#   julia_threads  = 4
#   blas_threads   = 1
#   commit         = c866f6f7e96a0469653610a3218c2c1dcff38146-dirty
#   fm_commit      = 745af76022ea782146901fd65fc301f8474cbc8c-dirty
#   vpm_commit     = 8d4a3b4d3012c42fc7d078629234c105b1e570f7
#   worktrees      = fp=FLOWPanel.jl@fastmultipole fm=FastMultipole@flowpanel-20260817 vpm=FLOWVPM.jl@flowpanel
#   julia_version  = 1.12.5
#   hardware_tag   = mecsrs-MacBook-Pro-188.local
#   filament_reg   = LineGaussRegularization
#   date           = 2026-09-26 21:44:27
######################################################################
┌ Warning: No tuned apply knobs for R4 — run the tune stage first; scripts touching TUNED[rung] will fail
│   rung_ = "R4"
└ @ Main ~/Dropbox/research/projects/FLOWPanel.jl/benchmark/phase1_case.jl:92
┌ Warning: SKIP_B=1: frozen b NOT assembled for R4 — rms_b is NaN and this case MUST NOT be solved (geometry-only consumers only)
└ @ Main ~/Dropbox/research/projects/FLOWPanel.jl/benchmark/phase1_case.jl:220
R4 Dirichlet case: 58192 panels, rms(b) = NaN (direct source assembly 0.0 s)

R4: trees + lists built (95390 direct-list entries)
arm=old pass=0: nonself 136.59 s, self 5.18 s
arm=old pass=1: nonself 135.66 s, self 5.06 s
arm=new pass=0: nonself 37.8 s, self 1.71 s
arm=new pass=1: nonself 37.84 s, self 1.55 s
CERT sorted_list_equal = true
CERT nonself_sizes_equal = true
CERT nonself_data_bitwise = true
CERT nonself_rhs_bitwise = true
CERT self_sizes_equal = true
CERT self_data_bitwise = true
CERT self_rhs_bitwise = true
CERT nonself max|Δ| = 0.0, self max|Δ| = 0.0
CSV written to BRAINSTORM/033_br2_20260926/fgs_setup_ab_R4_j4.csv
