┌ Warning: No tuned apply knobs for R4 — run the tune stage first; scripts touching TUNED[rung] will fail
│   rung_ = "R4"
└ @ Main ~/Dropbox/research/projects/FLOWPanel.jl/benchmark/phase1_case.jl:92
┌ Warning: SKIP_B=1: frozen b NOT assembled for R4 — rms_b is NaN and this case MUST NOT be solved (geometry-only consumers only)
└ @ Main ~/Dropbox/research/projects/FLOWPanel.jl/benchmark/phase1_case.jl:220
######################################################################
# 021 solver benchmark banner
#   threading_mode = multi
#   julia_threads  = 4
#   blas_threads   = 8
#   commit         = c866f6f7e96a0469653610a3218c2c1dcff38146-dirty
#   fm_commit      = 745af76022ea782146901fd65fc301f8474cbc8c-dirty
#   vpm_commit     = 8d4a3b4d3012c42fc7d078629234c105b1e570f7
#   worktrees      = fp=FLOWPanel.jl@fastmultipole fm=FastMultipole@flowpanel-20260817 vpm=FLOWVPM.jl@flowpanel
#   julia_version  = 1.12.5
#   hardware_tag   = tmplab-32-117-31.et.byu.edu
#   filament_reg   = LineGaussRegularization
#   date           = 2026-09-26 14:52:23
######################################################################
R4 Dirichlet case: 58192 panels, rms(b) = NaN (direct source assembly 0.0 s)

Constructing dagteam solver (P=8, MAC=0.4, leaf=100, precision=f32full)...
  solver constructed in 147.0 s

## DAG structure (R4 champion plan)
leaves=1068  edges=48167  avg preds=45.1  unit depth=279  mean/max level width=3.8/6
nof: min/med/max = 1/54/1450  szTM=4 szTS=4
W_lower+LU=809.167 MB/sweep  (+red: 817.349)  W_upper(filler)=674.778 MB

## Critical paths (MB streamed)
| variant | L (MB) | W/L | L_node/L (speedup bound) |
|---|---|---|---|
| node (today) | 289.462 | 2.8 | 1.0 |
| edge (theta=0) | 68.148 | 11.9 | 4.25 |
| edge theta=4KB | 69.166 | 11.7 | 4.19 |
| edge theta=16KB | 105.272 | 7.7 | 2.75 |
| edge theta=64KB | 165.344 | 4.9 | 1.75 |
| edge theta=256KB | 227.956 | 3.5 | 1.27 |
| edge theta=1024KB | 261.619 | 3.1 | 1.11 |
| LU-chain floor | 39.533 | 20.5 | 7.32 |

node critical path: 261 leaves; GEMV 265.574 MB vs LU 23.888 MB

## Selective split (top-X% prio leaves edge-split; node tasks otherwise)
| split frac | L (MB) | L_node/L | tasks/sweep |
|---|---|---|---|
| 1% | 264.447 | 1.09 | 1100 |
| 2% | 256.447 | 1.13 | 1184 |
| 5% | 242.38 | 1.19 | 1717 |
| 10% | 216.297 | 1.34 | 3259 |
| 20% | 200.766 | 1.44 | 6975 |
| 50% | 120.434 | 2.4 | 20389 |
| 100% | 68.148 | 4.25 | 49235 |

## Plan-C bounds T_j = max(W/j, L), normalized to node@j64
| j | node | edge | predicted speedup |
|---|---|---|---|
| 16 | 289.462 | 68.148 | 4.25 |
| 32 | 289.462 | 68.148 | 4.25 |
| 64 | 289.462 | 68.148 | 4.25 |
| 128 | 289.462 | 68.148 | 4.25 |

## 033 A-T2 cooperative split graph
unsplit L_node regression vs gate-0 289.462 MB: 289.462 MB (rel. diff 0.0%)
byte<->time: 1 µs = 11.72 KB (gate-0: 289.5 MB x 81 sweeps / 2.0 s)

| w | policy | ovh (µs) | L_w (MB) | L_node/L_w | n_split | tasks/sweep | path GEMV (MB) | path LU (MB) | LU share | T64 bound |
|---|---|---|---|---|---|---|---|---|---|---|
| 2 | all | 0.0 | 156.675 | 1.85 | 1065 | 2133 | 132.787 | 23.888 | 0.15 | 1.85 |
| 2 | all | 1.0 | 159.723 | 1.81 | 1065 | 2133 | 135.835 | 23.888 | 0.15 | 1.81 |
| 2 | all | 2.0 | 162.772 | 1.78 | 1065 | 2133 | 138.884 | 23.888 | 0.15 | 1.78 |
| 2 | all | 4.0 | 168.869 | 1.71 | 1065 | 2133 | 144.981 | 23.888 | 0.14 | 1.71 |
| 2 | all | 8.0 | 181.062 | 1.6 | 1065 | 2133 | 157.174 | 23.888 | 0.13 | 1.6 |
| 2 | all | 16.0 | 205.45 | 1.41 | 1065 | 2133 | 181.562 | 23.888 | 0.12 | 1.41 |
| 2 | all | 32.0 | 254.317 | 1.14 | 1065 | 2133 | 230.457 | 23.86 | 0.09 | 1.14 |
| 2 | all | 64.0 | 356.476 | 0.81 | 1065 | 2133 | 332.206 | 24.27 | 0.07 | 0.81 |
| 2 | selective | 0.0 | 156.675 | 1.85 | 1065 | 2133 | 132.787 | 23.888 | 0.15 | 1.85 |
| 2 | selective | 1.0 | 159.717 | 1.81 | 1036 | 2104 | 135.829 | 23.888 | 0.15 | 1.81 |
| 2 | selective | 2.0 | 162.744 | 1.78 | 1005 | 2073 | 138.856 | 23.888 | 0.15 | 1.78 |
| 2 | selective | 4.0 | 168.718 | 1.72 | 964 | 2032 | 144.829 | 23.888 | 0.14 | 1.72 |
| 2 | selective | 8.0 | 180.563 | 1.6 | 873 | 1941 | 156.675 | 23.888 | 0.13 | 1.6 |
| 2 | selective | 16.0 | 203.48 | 1.42 | 663 | 1731 | 179.592 | 23.888 | 0.12 | 1.42 |
| 2 | selective | 32.0 | 236.009 | 1.23 | 331 | 1399 | 212.121 | 23.888 | 0.1 | 1.23 |
| 2 | selective | 64.0 | 263.596 | 1.1 | 91 | 1159 | 239.708 | 23.888 | 0.09 | 1.1 |
| 4 | all | 0.0 | 90.281 | 3.21 | 1065 | 4263 | 66.393 | 23.888 | 0.26 | 3.21 |
| 4 | all | 1.0 | 93.33 | 3.1 | 1065 | 4263 | 69.442 | 23.888 | 0.26 | 3.1 |
| 4 | all | 2.0 | 96.378 | 3.0 | 1065 | 4263 | 72.49 | 23.888 | 0.25 | 3.0 |
| 4 | all | 4.0 | 102.475 | 2.82 | 1065 | 4263 | 78.587 | 23.888 | 0.23 | 2.82 |
| 4 | all | 8.0 | 114.669 | 2.52 | 1065 | 4263 | 90.781 | 23.888 | 0.21 | 2.52 |
| 4 | all | 16.0 | 139.094 | 2.08 | 1065 | 4263 | 115.222 | 23.871 | 0.17 | 2.08 |
| 4 | all | 32.0 | 190.373 | 1.52 | 1065 | 4263 | 166.103 | 24.27 | 0.13 | 1.52 |
| 4 | all | 64.0 | 294.15 | 0.98 | 1065 | 4263 | 269.979 | 24.171 | 0.08 | 0.98 |
| 4 | selective | 0.0 | 90.281 | 3.21 | 1065 | 4263 | 66.393 | 23.888 | 0.26 | 3.21 |
| 4 | selective | 1.0 | 93.327 | 3.1 | 1054 | 4230 | 69.439 | 23.888 | 0.26 | 3.1 |
| 4 | selective | 2.0 | 96.363 | 3.0 | 1028 | 4152 | 72.475 | 23.888 | 0.25 | 3.0 |
| 4 | selective | 4.0 | 102.39 | 2.83 | 985 | 4023 | 78.502 | 23.888 | 0.23 | 2.83 |
| 4 | selective | 8.0 | 114.278 | 2.53 | 939 | 3885 | 90.39 | 23.888 | 0.21 | 2.53 |
| 4 | selective | 16.0 | 137.886 | 2.1 | 808 | 3492 | 113.998 | 23.888 | 0.17 | 2.1 |
| 4 | selective | 32.0 | 179.811 | 1.61 | 536 | 2676 | 155.923 | 23.888 | 0.13 | 1.61 |
| 4 | selective | 64.0 | 229.671 | 1.26 | 204 | 1680 | 205.783 | 23.888 | 0.1 | 1.26 |

CSVs written to BRAINSTORM/033_atheory_20260926
