######################################################################
# 021 solver benchmark banner
#   threading_mode = multi
#   julia_threads  = 4
#   blas_threads   = 1
#   commit         = c866f6f7e96a0469653610a3218c2c1dcff38146-dirty
#   fm_commit      = 745af76022ea782146901fd65fc301f8474cbc8c-dirty
#   vpm_commit     = 8d4a3b4d3012c42fc7d078629234c105b1e570f7
#   worktrees      = fp=FLOWPanel.jl@fastmultipole fm=FastMultipole@flowpanel-20260817 vpm=FLOWVPM.jl@flowpanel
#   julia_version  = 1.12.5
#   hardware_tag   = mecsrs-MacBook-Pro-188.local
#   filament_reg   = LineGaussRegularization
#   date           = 2026-09-26 21:03:39
######################################################################
┌ Warning: No tuned apply knobs for R4 — run the tune stage first; scripts touching TUNED[rung] will fail
│   rung_ = "R4"
└ @ Main ~/Dropbox/research/projects/FLOWPanel.jl/benchmark/phase1_case.jl:92
┌ Warning: SKIP_B=1: frozen b NOT assembled for R4 — rms_b is NaN and this case MUST NOT be solved (geometry-only consumers only)
└ @ Main ~/Dropbox/research/projects/FLOWPanel.jl/benchmark/phase1_case.jl:220
R4 Dirichlet case: 58192 panels, rms(b) = NaN (direct source assembly 0.0 s)

decomp pass 0: phase_sum = 145.94 s
decomp pass 1: phase_sum = 141.93 s
decomp pass 2: phase_sum = 142.54 s
full ctor pass 1: 143.15 s
full ctor pass 2: 142.38 s
CSV written to BRAINSTORM/033_bt1_20260926/fgs_setup_profile_R4_j4.csv
