[33m[1m┌ [22m[39m[33m[1mWarning: [22m[39mfmm! called but either sources or targets are empty; foregoing calculation
[33m[1m└ [22m[39m[90m@ FastMultipole ~/Dropbox/research/projects/FastMultipole/src/fmm.jl:1300[39m
[33m[1m┌ [22m[39m[33m[1mWarning: [22m[39mPressureBernoulli(unsteady=true, allow_partial=true) excludes vector-potential-only wake sources from scalar-potential history and the scalar ALE contraction. Continuing with a partial diagnostic: their velocity is retained only in inertial kinetic energy.
[33m[1m└ [22m[39m[90m@ FLOWPanel ~/Dropbox/research/projects/FLOWPanel.jl/src/FLOWPanel_simulate_monitors.jl:214[39m
[33m[1m┌ [22m[39m[33m[1mWarning: [22m[39mfmm! called but either sources or targets are empty; foregoing calculation
[33m[1m└ [22m[39m[90m@ FastMultipole ~/Dropbox/research/projects/FastMultipole/src/fmm.jl:1300[39m
[33m[1m┌ [22m[39m[33m[1mWarning: [22m[39mfmm! called but either sources or targets are empty; foregoing calculation
[33m[1m└ [22m[39m[90m@ FastMultipole ~/Dropbox/research/projects/FastMultipole/src/fmm.jl:1300[39m
[33m[1m┌ [22m[39m[33m[1mWarning: [22m[39mfmm! called but either sources or targets are empty; foregoing calculation
[33m[1m└ [22m[39m[90m@ FastMultipole ~/Dropbox/research/projects/FastMultipole/src/fmm.jl:1300[39m
[33m[1m┌ [22m[39m[33m[1mWarning: [22m[39mfmm! called but either sources or targets are empty; foregoing calculation
[33m[1m└ [22m[39m[90m@ FastMultipole ~/Dropbox/research/projects/FastMultipole/src/fmm.jl:1300[39m
[33m[1m┌ [22m[39m[33m[1mWarning: [22m[39mfmm! called but either sources or targets are empty; foregoing calculation
[33m[1m└ [22m[39m[90m@ FastMultipole ~/Dropbox/research/projects/FastMultipole/src/fmm.jl:1300[39m
[33m[1m┌ [22m[39m[33m[1mWarning: [22m[39mfmm! called but either sources or targets are empty; foregoing calculation
[33m[1m└ [22m[39m[90m@ FastMultipole ~/Dropbox/research/projects/FastMultipole/src/fmm.jl:1300[39m
[33m[1m┌ [22m[39m[33m[1mWarning: [22m[39mfmm! called but either sources or targets are empty; foregoing calculation
[33m[1m└ [22m[39m[90m@ FastMultipole ~/Dropbox/research/projects/FastMultipole/src/fmm.jl:1300[39m
[33m[1m┌ [22m[39m[33m[1mWarning: [22m[39mfmm! called but either sources or targets are empty; foregoing calculation
[33m[1m└ [22m[39m[90m@ FastMultipole ~/Dropbox/research/projects/FastMultipole/src/fmm.jl:1300[39m
[33m[1m┌ [22m[39m[33m[1mWarning: [22m[39mfmm! called but either sources or targets are empty; foregoing calculation
[33m[1m└ [22m[39m[90m@ FastMultipole ~/Dropbox/research/projects/FastMultipole/src/fmm.jl:1300[39m
[33m[1m┌ [22m[39m[33m[1mWarning: [22m[39mfmm! called but either sources or targets are empty; foregoing calculation
[33m[1m└ [22m[39m[90m@ FastMultipole ~/Dropbox/research/projects/FastMultipole/src/fmm.jl:1300[39m
[33m[1m┌ [22m[39m[33m[1mWarning: [22m[39mfmm! called but either sources or targets are empty; foregoing calculation
[33m[1m└ [22m[39m[90m@ FastMultipole ~/Dropbox/research/projects/FastMultipole/src/fmm.jl:1300[39m
particle short-buffer run done in 563.5 s (495 steps, np=372)

=== Cycle-3 fits: panel (160-row buffer, stored) vs particle (10-row buffer) ===
station        |    A_panel   A_part10     dA % |   ph_panel  ph_part10  dph deg | mean_pnl mean_p10
CL             |   0.114607   0.115014   +0.355 |    -1.1129    -1.2859  -0.1730 |  0.23246  0.23331
cl(eta=0.15)   |   0.134481   0.134964   +0.359 |    -1.5803    -1.7552  -0.1749 |  0.27283  0.27385
cl(eta=0.3)    |   0.133178   0.133657   +0.359 |    -1.5835    -1.7581  -0.1746 |  0.27023  0.27123
cl(eta=0.45)   |   0.124140   0.124581   +0.355 |    -1.1723    -1.3452  -0.1729 |  0.25171  0.25264
cl(eta=0.6)    |   0.113117   0.113516   +0.353 |    -0.8034    -0.9749  -0.1715 |  0.22927  0.23011
cl(eta=0.75)   |   0.095573   0.095907   +0.349 |    -0.2728    -0.4430  -0.1701 |  0.19359  0.19428
cl(eta=0.9)    |   0.067271   0.067504   +0.347 |     0.4623     0.2925  -0.1698 |  0.13605  0.13654

np at end = 372; wrote task2b CSVs under /Users/ryan/Dropbox/research/projects/FLOWPanel.jl/code_audit/scripts/../results/task2
