== topology ==
Model name:                              AMD EPYC 7763 64-Core Processor
Thread(s) per core:                      1
Core(s) per socket:                      64
Socket(s):                               2
NUMA node(s):                            8
NUMA node0 CPU(s):                       0-15
NUMA node1 CPU(s):                       16-31
NUMA node2 CPU(s):                       32-47
NUMA node3 CPU(s):                       48-63
NUMA node4 CPU(s):                       64-79
NUMA node5 CPU(s):                       80-95
NUMA node6 CPU(s):                       96-111
NUMA node7 CPU(s):                       112-127
available: 8 nodes (0-7)
node 0 cpus: 0 1 2 3 4 5 6 7 8 9 10 11 12 13 14 15
node 0 size: 63811 MB
node 0 free: 3059 MB
node 1 cpus: 16 17 18 19 20 21 22 23 24 25 26 27 28 29 30 31
node 1 size: 64506 MB
node 1 free: 3307 MB
node 2 cpus: 32 33 34 35 36 37 38 39 40 41 42 43 44 45 46 47
node 2 size: 64506 MB
node 2 free: 26289 MB
node 3 cpus: 48 49 50 51 52 53 54 55 56 57 58 59 60 61 62 63
node 3 size: 64449 MB
node 3 free: 34403 MB
node 4 cpus: 64 65 66 67 68 69 70 71 72 73 74 75 76 77 78 79
node 4 size: 64506 MB
node 4 free: 2203 MB
node 5 cpus: 80 81 82 83 84 85 86 87 88 89 90 91 92 93 94 95
node 5 size: 64506 MB
node 5 free: 4035 MB
node 6 cpus: 96 97 98 99 100 101 102 103 104 105 106 107 108 109 110 111
node 6 size: 64506 MB
node 6 free: 1724 MB
node 7 cpus: 112 113 114 115 116 117 118 119 120 121 122 123 124 125 126 127
node 7 size: 64502 MB
node 7 free: 15652 MB
node distances:
node     0    1    2    3    4    5    6    7 
   0:   10   12   12   12   32   32   32   32 
   1:   12   10   12   12   32   32   32   32 
   2:   12   12   10   12   32   32   32   32 
   3:   12   12   12   10   32   32   32   32 
   4:   32   32   32   32   10   12   12   12 
   5:   32   32   32   32   12   10   12   12 
   6:   32   32   32   32   12   12   10   12 
   7:   32   32   32   32   12   12   12   10 
--- benchmark/replay_gate2d_13773581/serial_f64.log: numactl --cpunodebind=0 --membind=0 julia -t1 benchmark/fgs_sequence_replay.jl --mode serial --sweeps 12 ---
R4 replay: 1068 leaves, 58192 strengths, 2.863 GB coefficients/sweep, mode=serial f32=false f32full=false threads=1
serial(F64)                  sweeps=12  min 0.1016 s  med 0.1022 s  → useful BW (min): 28.19 GB/s
  projected 81-sweep coefficient-stream time: 8.227 s (min) / 8.281 s (med)
--- benchmark/replay_gate2d_13773581/dagteam_f64_interleave_t4.log: numactl --interleave=0-3 --cpunodebind=0-3 julia -t4 benchmark/fgs_sequence_replay.jl --mode dagteam --sweeps 12 ---
R4 replay: 1068 leaves, 58192 strengths, 2.863 GB coefficients/sweep, mode=dagteam f32=false f32full=false threads=4
dagteam(F64, team=4)         sweeps=12  min 0.0440 s  med 0.0442 s  → useful BW (min): 65.03 GB/s
  projected 81-sweep coefficient-stream time: 3.566 s (min) / 3.576 s (med)
  lower tasks = 1068 (roots 3, edges 48167), backward tasks = 1065, lower/upper bytes = 1513294744 / 1349555288 (F64-equiv)
--- benchmark/replay_gate2d_13773581/dagteam_f64_interleave_t8.log: numactl --interleave=0-3 --cpunodebind=0-3 julia -t8 benchmark/fgs_sequence_replay.jl --mode dagteam --sweeps 12 ---
R4 replay: 1068 leaves, 58192 strengths, 2.863 GB coefficients/sweep, mode=dagteam f32=false f32full=false threads=8
dagteam(F64, team=8)         sweeps=12  min 0.0410 s  med 0.0414 s  → useful BW (min): 69.89 GB/s
  projected 81-sweep coefficient-stream time: 3.318 s (min) / 3.355 s (med)
  lower tasks = 1068 (roots 3, edges 48167), backward tasks = 1065, lower/upper bytes = 1513294744 / 1349555288 (F64-equiv)
--- benchmark/replay_gate2d_13773581/dagteam_f64_interleave_t16.log: numactl --interleave=0-3 --cpunodebind=0-3 julia -t16 benchmark/fgs_sequence_replay.jl --mode dagteam --sweeps 12 ---
R4 replay: 1068 leaves, 58192 strengths, 2.863 GB coefficients/sweep, mode=dagteam f32=false f32full=false threads=16
dagteam(F64, team=16)        sweeps=12  min 0.0412 s  med 0.0444 s  → useful BW (min): 69.47 GB/s
  projected 81-sweep coefficient-stream time: 3.338 s (min) / 3.594 s (med)
  lower tasks = 1068 (roots 3, edges 48167), backward tasks = 1065, lower/upper bytes = 1513294744 / 1349555288 (F64-equiv)
--- benchmark/replay_gate2d_13773581/dagteam_f64_interleave_t32.log: numactl --interleave=0-3 --cpunodebind=0-3 julia -t32 benchmark/fgs_sequence_replay.jl --mode dagteam --sweeps 12 ---
R4 replay: 1068 leaves, 58192 strengths, 2.863 GB coefficients/sweep, mode=dagteam f32=false f32full=false threads=32
dagteam(F64, team=32)        sweeps=12  min 0.0475 s  med 0.0495 s  → useful BW (min): 60.27 GB/s
  projected 81-sweep coefficient-stream time: 3.847 s (min) / 4.011 s (med)
  lower tasks = 1068 (roots 3, edges 48167), backward tasks = 1065, lower/upper bytes = 1513294744 / 1349555288 (F64-equiv)
--- benchmark/replay_gate2d_13773581/dagteam_f64_sock_t16.log: numactl --cpunodebind=0-3 --membind=0-3 julia -t16 benchmark/fgs_sequence_replay.jl --mode dagteam --sweeps 12 ---
R4 replay: 1068 leaves, 58192 strengths, 2.863 GB coefficients/sweep, mode=dagteam f32=false f32full=false threads=16
dagteam(F64, team=16)        sweeps=12  min 0.0778 s  med 0.0791 s  → useful BW (min): 36.78 GB/s
  projected 81-sweep coefficient-stream time: 6.305 s (min) / 6.408 s (med)
  lower tasks = 1068 (roots 3, edges 48167), backward tasks = 1065, lower/upper bytes = 1513294744 / 1349555288 (F64-equiv)
--- benchmark/replay_gate2d_13773581/dagteam_f32conv_interleave_t16.log: numactl --interleave=0-3 --cpunodebind=0-3 julia -t16 benchmark/fgs_sequence_replay.jl --mode dagteam --sweeps 12 --f32 ---
R4 replay: 1068 leaves, 58192 strengths, 2.863 GB coefficients/sweep, mode=dagteam f32=true f32full=false threads=16
dagteam(F32conv, team=16)    sweeps=12  min 0.0251 s  med 0.0279 s  → useful BW (min): 114.28 GB/s
  projected 81-sweep coefficient-stream time: 2.029 s (min) / 2.258 s (med)
  lower tasks = 1068 (roots 3, edges 48167), backward tasks = 1065, lower/upper bytes = 1513294744 / 1349555288 (F64-equiv)
--- benchmark/replay_gate2d_13773581/dagteam_f32full_interleave_t16.log: numactl --interleave=0-3 --cpunodebind=0-3 julia -t16 benchmark/fgs_sequence_replay.jl --mode dagteam --sweeps 12 --f32-full ---
R4 replay: 1068 leaves, 58192 strengths, 2.863 GB coefficients/sweep, mode=dagteam f32=false f32full=true threads=16
dagteam(F32full, team=16)    sweeps=12  min 0.0223 s  med 0.0243 s  → useful BW (min): 128.15 GB/s
  projected 81-sweep coefficient-stream time: 1.810 s (min) / 1.966 s (med)
  lower tasks = 1068 (roots 3, edges 48167), backward tasks = 1065, lower/upper bytes = 1513294744 / 1349555288 (F64-equiv)
--- benchmark/replay_gate2d_13773581/dagteam_f32conv_interleave_t32.log: numactl --interleave=0-3 --cpunodebind=0-3 julia -t32 benchmark/fgs_sequence_replay.jl --mode dagteam --sweeps 12 --f32 ---
R4 replay: 1068 leaves, 58192 strengths, 2.863 GB coefficients/sweep, mode=dagteam f32=true f32full=false threads=32
dagteam(F32conv, team=32)    sweeps=12  min 0.0302 s  med 0.0340 s  → useful BW (min): 94.92 GB/s
  projected 81-sweep coefficient-stream time: 2.443 s (min) / 2.758 s (med)
  lower tasks = 1068 (roots 3, edges 48167), backward tasks = 1065, lower/upper bytes = 1513294744 / 1349555288 (F64-equiv)
--- benchmark/replay_gate2d_13773581/dagteam_f32full_interleave_t32.log: numactl --interleave=0-3 --cpunodebind=0-3 julia -t32 benchmark/fgs_sequence_replay.jl --mode dagteam --sweeps 12 --f32-full ---
R4 replay: 1068 leaves, 58192 strengths, 2.863 GB coefficients/sweep, mode=dagteam f32=false f32full=true threads=32
dagteam(F32full, team=32)    sweeps=12  min 0.0250 s  med 0.0314 s  → useful BW (min): 114.35 GB/s
  projected 81-sweep coefficient-stream time: 2.028 s (min) / 2.544 s (med)
  lower tasks = 1068 (roots 3, edges 48167), backward tasks = 1065, lower/upper bytes = 1513294744 / 1349555288 (F64-equiv)
--- benchmark/replay_gate2d_13773581/rowpar_f64_interleave_t16.log: numactl --interleave=0-3 --cpunodebind=0-3 julia -t16 benchmark/fgs_sequence_replay.jl --mode rowpar --sweeps 12 ---
R4 replay: 1068 leaves, 58192 strengths, 2.863 GB coefficients/sweep, mode=rowpar f32=false f32full=false threads=16
rowpar(F64, team=16, touch=serial) sweeps=12  min 0.0563 s  med 0.0582 s  → useful BW (min): 50.81 GB/s
  projected 81-sweep coefficient-stream time: 4.564 s (min) / 4.714 s (med)
  parallel leaves = 978/1068 (small-bytes threshold 262144)
--- benchmark/replay_gate2d_13773581/rowpar_f32conv_interleave_t16.log: numactl --interleave=0-3 --cpunodebind=0-3 julia -t16 benchmark/fgs_sequence_replay.jl --mode rowpar --sweeps 12 --f32 ---
R4 replay: 1068 leaves, 58192 strengths, 2.863 GB coefficients/sweep, mode=rowpar f32=true f32full=false threads=16
rowpar(F32conv, team=16, touch=serial) sweeps=12  min 0.0369 s  med 0.0395 s  → useful BW (min): 77.56 GB/s
  projected 81-sweep coefficient-stream time: 2.990 s (min) / 3.198 s (med)
  parallel leaves = 978/1068 (small-bytes threshold 262144)
--- benchmark/replay_gate2d_13773581/rowpar_f32full_interleave_t16.log: numactl --interleave=0-3 --cpunodebind=0-3 julia -t16 benchmark/fgs_sequence_replay.jl --mode rowpar --sweeps 12 --f32-full ---
R4 replay: 1068 leaves, 58192 strengths, 2.863 GB coefficients/sweep, mode=rowpar f32=false f32full=true threads=16
rowpar(F32full, team=16, touch=serial) sweeps=12  min 0.0343 s  med 0.0349 s  → useful BW (min): 83.49 GB/s
  projected 81-sweep coefficient-stream time: 2.778 s (min) / 2.829 s (med)
  parallel leaves = 978/1068 (small-bytes threshold 262144)
== done: results in benchmark/replay_gate2d_13773581 ==
