
== sizes ==
body 1: ncells=112  watertight=true  DBC=true
body 2: ncells=112  watertight=true  DBC=true

== Assembling G directly via _G! ==
size(G)       = (224, 224)
norm(G)       = 10.010422096433818
norm(G - G')  = 7.528486172150477

== SVD of true G ==
svd top 5   : [2.924069291041641, 2.915372967349669, 2.5321210289200518, 2.461267560180636, 1.0395860898246614]
svd bottom 5: [0.0002921357498044579, 0.00015399739638227925, 3.5031201821673615e-5, 1.6472429039612254e-16, 2.4578910779550894e-18]
cond(G)     = 1.1896659364882847e18
numerical rank = 222 / 224  (tol=9.947598300641403e-14)

== Smallest right-singular vectors ==
k=0  sigma=3.705951730484327e-16  max|v|=0.09449111825247818  min|v|=0.0  mean(v)=0.04724555912615214  std(v)=0.04724555912615464
k=1  sigma=3.9361159328498707e-16  max|v|=0.09449111825231753  min|v|=3.5166314305001833e-14  mean(v)=0.04724555912615465  std(v)=0.04724555912615216
k=2  sigma=3.503120182167357e-5  max|v|=0.10810456269923431  min|v|=0.0012606813655613807  mean(v)=-9.906987184980588e-14  std(v)=0.06681531047810607

== Build rhs ==
norm(rhs) = 106.15377892713562

== Solve G \ rhs ==
max|x|         = 4.540740272666432e15
median|x|      = 4.4204579987337175e14
norm(G*x - rhs)/norm(rhs) = 0.06510803550937128

== matvec G*x vs influence! ==
max|G*x|       = 0.4016565610479476
max|phi|       = 0.40165656104794756
max|G*x - phi| = 3.885780586188048e-16
max rel diff   = 8.216000306843838e-14
argmax diff at i=123:  G*x=0.27286365622653724  phi=0.27286365622653685  diff=3.885780586188048e-16

== Single-panel probes ==
probe panel 1:
  G[1,1]   = -0.5168063120618533    phi[1] = -0.5168063120618533
  max|G*e - phi| = 0.0  argmax at 1
probe panel 56:
  G[56,56]   = -0.49999999999999817    phi[56] = -0.49999999999999817
  max|G*e - phi| = 0.0  argmax at 1
probe panel 113:
  G[113,113]   = -0.4903590643366406    phi[113] = -0.4903590643366406
  max|G*e - phi| = 0.0  argmax at 1

done.
