Precompiling FastMultipole...
   8256.5 ms  ✓ FastMultipole
  1 dependency successfully precompiled in 11 seconds. 20 already precompiled.
[ Info: FastGaussSeidel converged after 1 iterations with MSE = 3.8163916471489756e-17; delta = 0.45297664855536773
[ Info: FastGaussSeidel converged after 0 iterations with MSE = 1.3400738851920835e-16; delta = 0.0
Test Summary:                     | Pass  Total  Time
Fast Gauss Seidel: self influence |  100    100  4.6s
Test Summary:                             |   Pass   Total  Time
Fast Gauss Seidel: all influence matrices | 562121  562121  6.9s
Test Summary:                        | Pass  Total  Time
Fast Gauss Seidel: various functions | 3066   3066  1.6s
Iteration 1:	MSE = 0.6449320869898493,	delta = 0.0
Iteration 2:	MSE = 3.8163916471489756e-17,	delta = 0.45297664855536773
Test Summary:                 | Pass  Total  Time
Fast Gauss Seidel: full solve |  100    100  5.2s
Test Summary:                              |  Pass  Total  Time
Fast Gauss Seidel: update system strengths | 20000  20000  1.1s
Iteration 1:	MSE = 1.3400738851920835e-16,	delta = 0.0
Test Summary:                                         | Pass  Total  Time
Fast Gauss Seidel: shared source/target tree topology |    9      9  0.8s
Test Summary:                                 | Pass  Total  Time
Fast Gauss Seidel: threaded M2L repeatability |    9      9  0.6s
Test Summary:                                    | Pass  Total  Time
Fast Gauss Seidel: cached leaf LU factorizations |  157    157  3.1s
Test Summary:                     | Pass  Total  Time
Fast Gauss Seidel: colored sweeps | 2216   2216  1.4s
