fatal: not a git repository (or any parent up to mount point /home)
Stopping at filesystem boundary (GIT_DISCOVERY_ACROSS_FILESYSTEM not set).
fatal: not a git repository (or any parent up to mount point /home)
Stopping at filesystem boundary (GIT_DISCOVERY_ACROSS_FILESYSTEM not set).
fatal: not a git repository (or any parent up to mount point /home)
Stopping at filesystem boundary (GIT_DISCOVERY_ACROSS_FILESYSTEM not set).
fatal: not a git repository (or any parent up to mount point /home)
Stopping at filesystem boundary (GIT_DISCOVERY_ACROSS_FILESYSTEM not set).
FLOWPanel: filament regularization = LineGaussRegularization (pinned by FLOWPANEL_FILAMENT_REG)
######################################################################
# 021 solver benchmark banner
#   threading_mode = multi
#   julia_threads  = 4
#   blas_threads   = 1
#   commit         = unknown
#   fm_commit      = unknown
#   vpm_commit     = 05c658f7804ec5f9b68d4cb9826a9f97cfecb373
#   worktrees      = fp=unknown fm=unknown vpm=FLOWVPM.jl@DETACHED
#   julia_version  = 1.11.7
#   hardware_tag   = m12-2-30
#   filament_reg   = LineGaussRegularization
#   date           = 2026-09-14 16:11:43
######################################################################
